REFINEMENT file_ref(k)
REFINES file
VARIABLES v, d, n
INVARIANT
  v : 0..(k-1) --> 0..k
& d : 0..(k-1) /* d indique la tête de la file */
& n : 0..k     /* n indique le nombre d'éléments dans la file */
& n = size(f)
& /* invariant de collage à donner ici */

INITIALISATION
/* à compléter */		

OPERATIONS

enfiler(x) =
/* à compléter */   
;
defiler =
/* à compléter */   
;
res <-- tete =
/* à compléter */   

END

