REFINEMENT relation_ref(k)
REFINES relation
VARIABLES f
INVARIANT
    f : ((0..k) * (0..k)) --> BOOL &
/* invariant de collage à compléter */

INITIALISATION
/* à compléter */		

OPERATIONS

ajouter(x, y) =
/* à compléter */       


produit =
/* à compléter */       


res <-- appartient(x, y) =
/* à compléter */       

END

